C51 COMPILER V9.60.7.0   KEY                                                               02/27/2026 23:43:55 PAGE 1   


C51 COMPILER V9.60.7.0, COMPILATION OF MODULE KEY
OBJECT MODULE PLACED IN .\Objects\Key.obj
COMPILER INVOKED BY: D:\KeilC51\C51\BIN\C51.EXE Key.c OPTIMIZE(8,SPEED) BROWSE DEBUG OBJECTEXTEND PRINT(.\Listings\Key.l
                    -st) OBJECT(.\Objects\Key.obj)

line level    source

   1          #include "Delay.h"
   2          #include <REGX52.H>
   3          
   4          /**
   5            *@brief  获取独立按键的信息
   6            *@param  无
   7            *@revtal 从左到右分别为1，2，3，4.无按键则返回0
   8            */
   9          unsigned char GetKeyNum()
  10          {
  11   1              unsigned char KeyNum=0;
  12   1              if(P3_0==0)
  13   1              {
  14   2                      Delay(20);
  15   2                      while(P3_0==0);
  16   2                      Delay(20);
  17   2                      KeyNum=1;
  18   2              }
  19   1              if(P3_1==0)
  20   1              {
  21   2                      Delay(20);
  22   2                      while(P3_1==0);
  23   2                      Delay(20);
  24   2                      KeyNum=2;
  25   2              }
  26   1              if(P3_2==0)
  27   1              {
  28   2                      Delay(20);
  29   2                      while(P3_2==0);
  30   2                      Delay(20);
  31   2                      KeyNum=3;
  32   2              }
  33   1              if(P3_3==0)
  34   1              {
  35   2                      Delay(20);
  36   2                      while(P3_3==0);
  37   2                      Delay(20);
  38   2                      KeyNum=4;
  39   2              }
  40   1              return KeyNum;
  41   1      }


MODULE INFORMATION:   STATIC OVERLAYABLE
   CODE SIZE        =     97    ----
   CONSTANT SIZE    =   ----    ----
   XDATA SIZE       =   ----    ----
   PDATA SIZE       =   ----    ----
   DATA SIZE        =   ----       1
   IDATA SIZE       =   ----    ----
   BIT SIZE         =   ----    ----
END OF MODULE INFORMATION.


C51 COMPILATION COMPLETE.  0 WARNING(S),  0 ERROR(S)
