C51 COMPILER V9.60.7.0   MAIN                                                              02/23/2026 18:06:45 PAGE 1   


C51 COMPILER V9.60.7.0, COMPILATION OF MODULE MAIN
OBJECT MODULE PLACED IN .\Objects\main.obj
COMPILER INVOKED BY: D:\KeilC51\C51\BIN\C51.EXE main.c OPTIMIZE(8,SPEED) BROWSE DEBUG OBJECTEXTEND PRINT(.\Listings\main
                    -.lst) OBJECT(.\Objects\main.obj)

line level    source

   1          #include <reg52.h>
   2          #include <intrins.h>
   3          
   4          typedef unsigned char u8;
   5          typedef unsigned int u16;
   6          
   7          //duration :in 120bpm unit is 10us
   8          #define QUAR  50000
   9          #define DOTQ  75000L
  10          #define HALF  100000L
  11          #define WHOL  200000L
  12          #define EIGH  25000
  13          #define DOTE  37500
  14          #define SIXTE 12500
  15          #define TRIQUAR 16667
  16          #DEFINE TRIEIGH 8333
*** WARNING C315 IN LINE 16 OF main.c: unknown #directive 'DEFINE'
  17          
  18          //pitch unit is 10us
  19          #define C3 764
  20          #define Cs3  722
  21          #define D3   681
  22          #define Ds3  643
  23          #define E3   607
  24          #define F3   573
  25          #define Fs3  541     // F#3: 185.00 Hz, ?? 5.405ms = 5405µs = 540.5 ? 541
  26          #define G3   510     // G3: 196.00 Hz, ?? 5.102ms = 5102µs = 510.2 ? 510
  27          #define Gs3  482     // G#3: 207.65 Hz, ?? 4.816ms = 4816µs = 481.6 ? 482
  28          #define A3   455     // A3: 220.00 Hz, ?? 4.545ms = 4545µs = 454.5 ? 455
  29          #define As3  429     // A#3: 233.08 Hz, ?? 4.290ms = 4290µs = 429.0 ? 429
  30          #define B3   405     // B3: 246.94 Hz, ?? 4.049ms = 4049µs = 404.9 ? 405
  31          
  32          #define C4   382     // C4: 261.63 Hz, ?? 3.822ms = 3822µs = 382.2 ? 382
  33          #define Cs4  361     // C#4: 277.18 Hz, ?? 3.609ms = 3609µs = 360.9 ? 361
  34          #define D4   341     // D4: 293.66 Hz, ?? 3.406ms = 3406µs = 340.6 ? 341
  35          #define Ds4  322     // D#4: 311.13 Hz, ?? 3.215ms = 3215µs = 321.5 ? 322
  36          #define E4   303     // E4: 329.63 Hz, ?? 3.034ms = 3034µs = 303.4 ? 303
  37          #define F4   286     // F4: 349.23 Hz, ?? 2.863ms = 2863µs = 286.3 ? 286
  38          #define Fs4  270     // F#4: 369.99 Hz, ?? 2.703ms = 2703µs = 270.3 ? 270
  39          #define G4   255     // G4: 392.00 Hz, ?? 2.551ms = 2551µs = 255.1 ? 255
  40          #define Gs4  241     // G#4: 415.30 Hz, ?? 2.408ms = 2408µs = 240.8 ? 241
  41          #define A4   227     // A4: 440.00 Hz, ?? 2.273ms = 2273µs = 227.3 ? 227
  42          #define As4  215     // A#4: 466.16 Hz, ?? 2.145ms = 2145µs = 214.5 ? 215
  43          #define B4   203     // B4: 493.88 Hz, ?? 2.025ms = 2025µs = 202.5 ? 203
  44          
  45          #define C5   191     // C5: 523.25 Hz, ?? 1.911ms = 1911µs = 191.1 ? 191
  46          #define Cs5  180     // C#5: 554.37 Hz, ?? 1.804ms = 1804µs = 180.4 ? 180
  47          #define D5   170     // D5: 587.33 Hz, ?? 1.703ms = 1703µs = 170.3 ? 170
  48          #define Ds5  161     // D#5: 622.25 Hz, ?? 1.608ms = 1608µs = 160.8 ? 161
  49          #define E5   152     // E5: 659.25 Hz, ?? 1.517ms = 1517µs = 151.7 ? 152
  50          #define F5   143     // F5: 698.46 Hz, ?? 1.432ms = 1432µs = 143.2 ? 143
  51          #define Fs5  135     // F#5: 739.99 Hz, ?? 1.351ms = 1351µs = 135.1 ? 135
  52          #define G5   128     // G5: 783.99 Hz, ?? 1.276ms = 1276µs = 127.6 ? 128
  53          #define Gs5  120     // G#5: 830.61 Hz, ?? 1.204ms = 1204µs = 120.4 ? 120
C51 COMPILER V9.60.7.0   MAIN                                                              02/23/2026 18:06:45 PAGE 2   

  54          #define A5   114     // A5: 880.00 Hz, ?? 1.136ms = 1136µs = 113.6 ? 114
  55          #define As5  107     // A#5: 932.33 Hz, ?? 1.073ms = 1073µs = 107.3 ? 107
  56          #define B5   101     // B5: 987.77 Hz, ?? 1.012ms = 1012µs = 101.2 ? 101
  57          
  58          #define REST 0
  59          
  60          sbit BEEP=P2^5;
  61          
  62          void delay_10us(u16 ten_us)
  63          {
  64   1              while (ten_us--);
  65   1      }
  66          
  67          //unit of duration is 10us
  68          //unit of pitch is 10us
  69          void note(u16 duration,u16 pitch)
  70          {
  71   1      
  72   1              u16 total_time=0;
  73   1              if (pitch!=0)
  74   1              {
  75   2                      while(total_time < duration)
  76   2                      {
  77   3                              BEEP = 1;
  78   3                              delay_10us(pitch/2);
  79   3                              BEEP = 0;
  80   3                              delay_10us(pitch/2);
  81   3                              total_time += pitch;
  82   3                      }
  83   2              }
  84   1      }
  85          
  86          void play_music(u16 (*music)[2])
  87          {
  88   1              u16 duration;
  89   1              u16 pitch;
  90   1      
  91   1              u16 (*play)[2] = music;
  92   1      
  93   1              while (play[0][0] !=0 || play[0][1] != 0)
  94   1              {
  95   2                      duration = play[0][0];
  96   2                      pitch = play[0][1];
  97   2                      note(duration, pitch);
  98   2                      play++;
  99   2              }
 100   1              delay_10us(100);
 101   1      }
 102          
 103          void Delay3000ms(void)  //@11.0592MHz
 104          {
 105   1              unsigned char data i, j, k;
 106   1      
 107   1              _nop_();
 108   1              _nop_();
 109   1              i = 127;
 110   1              j = 18;
 111   1              k = 107;
 112   1              do
 113   1              {
 114   2                      do
 115   2                      {
C51 COMPILER V9.60.7.0   MAIN                                                              02/23/2026 18:06:45 PAGE 3   

 116   3                              while (--k);
 117   3                      } while (--j);
 118   2              } while (--i);
 119   1      }
 120          
 121          
 122          void main ()
 123          {
 124   1      
 125   1                      u16 code music[][2] = {
 126   1      //Bad Apple!!
 127   1      //                      //1
 128   1      //                      {EIGH, A3}, {EIGH, B3}, {EIGH, C4}, {EIGH, D4},{QUAR,E4},{EIGH,A4},{EIGH,G4},
 129   1      //                      //2
 130   1      //                      {QUAR,E4},{QUAR,A3},{EIGH,E4},{EIGH,D4},{EIGH,C4},{EIGH,B3},
 131   1      //                      //3
 132   1      //                      {EIGH, A3}, {EIGH, B3}, {EIGH, C4}, {EIGH, D4},{QUAR,E4},{EIGH,D4},{EIGH,C4},
 133   1      //                      //4
 134   1      //                      {EIGH,B3},{EIGH,A3},{EIGH,B3},{EIGH,C4},{EIGH,B3},{EIGH,A3},{EIGH,Gs3},{EIGH,B3},
 135   1      //
 136   1      
 137   1      //                      //5
 138   1      //                      {EIGH, A3}, {EIGH, B3}, {EIGH, C4}, {EIGH, D4},{QUAR,E4},{EIGH,A4},{EIGH,G4},
 139   1      //                      //6
 140   1      //                      {QUAR,E4},{QUAR,A3},{EIGH,E4},{EIGH,D4},{EIGH,C4},{EIGH,B3},
 141   1      //                      //7
 142   1      //                      {EIGH, A3}, {EIGH, B3}, {EIGH, C4}, {EIGH, D4},{QUAR,E4},{EIGH,D4},{EIGH,C4},
 143   1      //                      //8
 144   1      //                      {QUAR,B3},{QUAR,C4},{QUAR,D4},{QUAR,E4},
 145   1      //
 146   1      
 147   1      //                      //9
 148   1      //                      {EIGH,G4},{EIGH,A4},{EIGH,E4},{EIGH,D4},{QUAR,E4},{EIGH,D4},{EIGH,E4},
 149   1      //                      //10
 150   1      //                      {EIGH,G4},{EIGH,A4},{EIGH,E4},{EIGH,D4},{QUAR,E4},{EIGH,D4},{EIGH,E4},
 151   1      //                      //11
 152   1      //                      {EIGH,D4},{EIGH,C4},{EIGH,B3},{EIGH,G3},{QUAR,A3},{EIGH,G3},{EIGH,A3},
 153   1      //                      //12
 154   1      //                      {EIGH,B3},{EIGH,C4},{EIGH,D4},{EIGH,E4},{QUAR,A3},{EIGH,E4},{EIGH,G4},
 155   1      
 156   1      
 157   1      //                      //13
 158   1      //                      {EIGH,G4},{EIGH,A4},{EIGH,E4},{EIGH,D4},{QUAR,E4},{EIGH,D4},{EIGH,E4},
 159   1      //                      //14
 160   1      //                      {EIGH,G4},{EIGH,A4},{EIGH,E4},{EIGH,D4},{QUAR,E4},{EIGH,A4},{EIGH,B4},
 161   1      //                      //15
 162   1      //                      {EIGH,C5},{EIGH,B4},{EIGH,A4},{EIGH,G4},{QUAR,E4},{EIGH,D4},{EIGH,E4},
 163   1      //                      //16
 164   1      //                      {EIGH,D4},{EIGH,C4},{EIGH,B3},{EIGH,G3},{QUAR,A3},
 165   1      //
 166   1      
 167   1      //新年好
 168   1      //                      {EIGH,C4},{EIGH,C4},{QUAR,C4},{QUAR,G3},
 169   1      //                      {EIGH,E4},{EIGH,E4},{QUAR,E4},{QUAR,C4},
 170   1      //                      {EIGH,C4},{EIGH,E4},{QUAR,G4},{QUAR,G4},
 171   1      //                      {EIGH,F4},{EIGH,E4},{QUAR,D4},
 172   1      //
 173   1      //                      {EIGH,D4},{EIGH,E4},{QUAR,F4},{QUAR,F4},
 174   1      //                      {EIGH,E4},{EIGH,D4},{QUAR,E4},{QUAR,C4},
 175   1      //                      {EIGH,C4},{EIGH,E4},{QUAR,D4},{QUAR,G3},
 176   1      //                      {EIGH,B3},{EIGH,D4},{QUAR,C4},
 177   1      
C51 COMPILER V9.60.7.0   MAIN                                                              02/23/2026 18:06:45 PAGE 4   

 178   1                  {EIGH,A5},{TRIEIGH,A5},{TRIEIGH,A5},{TRIEIGH,G5},{EIGH,A5},
*** ERROR C202 IN LINE 178 OF main.c: 'TRIEIGH': undefined identifier
*** ERROR C202 IN LINE 178 OF main.c: 'TRIEIGH': undefined identifier
*** ERROR C202 IN LINE 178 OF main.c: 'TRIEIGH': undefined identifier
 179   1      
 180   1      
 181   1      
 182   1      
 183   1      
 184   1      
 185   1      
 186   1      
 187   1                              {0, 0}
 188   1                      };
 189   1              while(1)
 190   1              {
 191   2      
 192   2                      play_music(music);
 193   2                      Delay3000ms();
 194   2      
 195   2      
 196   2              }
 197   1      
 198   1      
 199   1      
 200   1      }

C51 COMPILATION COMPLETE.  1 WARNING(S),  3 ERROR(S)
